// Jest Snapshot v1, https://goo.gl/fbAQLP

exports[`should render one expense item correctly 1`] = `
<div>
  <Link
    to="/edit/1"
  >
    <h3>
      Cheese - Cottage Cheese
    </h3>
  </Link>
  <p>
    71.97
     - 
    0
  </p>
</div>
`;
