// Jest Snapshot v1, https://goo.gl/fbAQLP

exports[`should render the loading page correctly 1`] = `
<div
  className="loader"
>
  <img
    alt="Loading..."
    className="loader__image"
    src="loader.gif"
  />
</div>
`;
