// Jest Snapshot v1, https://goo.gl/fbAQLP

exports[`should render NotFoundPage correctly 1`] = `
<h1>
  Oops, Not Found - 
  <Link
    to="/"
  >
    Back To Safety
  </Link>
</h1>
`;
